<?xml version="1.0" encoding="utf-8"?><testsuite errors="0" failures="0" name="pytest" skips="20" tests="328" time="5.835"><testcase classname="" file="tests/integration/conftest.py" line="-1" name="tests.integration.conftest" time="0.0004611015319824219"><skipped message="file(s) previously passed pyflakes checks" type="pytest.skip">/home/ben/.virtualenvs/openapicore/lib/python3.6/site-packages/pytest_flakes.py:76: &lt;py._xmlgen.raw object at 0x7f4827e5bda0&gt;</skipped></testcase><testcase classname="" file="tests/integration/conftest.py" line="-1" name="tests.integration.conftest" time="0.010657310485839844"></testcase><testcase classname="" file="tests/integration/test_additional_properties.py" line="-1" name="tests.integration.test_additional_properties" time="0.0027816295623779297"></testcase><testcase classname="" file="tests/integration/test_additional_properties.py" line="-1" name="tests.integration.test_additional_properties" time="0.010654926300048828"></testcase><testcase classname="tests.integration.test_additional_properties.TestAdditionalProperties" file="tests/integration/test_additional_properties.py" line="30" name="test_any_additional_property" time="0.008637666702270508"></testcase><testcase classname="tests.integration.test_additional_properties.TestAdditionalProperties" file="tests/integration/test_additional_properties.py" line="43" name="test_string_additional_property_invalid" time="0.0075283050537109375"><skipped message="expected test failure">Valdation on additional properties does not seem to validate</skipped></testcase><testcase classname="tests.integration.test_additional_properties.TestAdditionalProperties" file="tests/integration/test_additional_properties.py" line="59" name="test_string_additional_property" time="0.00710296630859375"></testcase><testcase classname="" file="tests/integration/test_empty.py" line="-1" name="tests.integration.test_empty" time="0.00025844573974609375"><skipped message="file(s) previously passed pyflakes checks" type="pytest.skip">/home/ben/.virtualenvs/openapicore/lib/python3.6/site-packages/pytest_flakes.py:76: &lt;py._xmlgen.raw object at 0x7f48263052b0&gt;</skipped></testcase><testcase classname="" file="tests/integration/test_empty.py" line="-1" name="tests.integration.test_empty" time="0.003354787826538086"></testcase><testcase classname="tests.integration.test_empty.TestEmpty" file="tests/integration/test_empty.py" line="16" name="test_raises_on_invalid" time="0.0013785362243652344"></testcase><testcase classname="" file="tests/integration/test_minimal.py" line="-1" name="tests.integration.test_minimal" time="0.0002562999725341797"><skipped message="file(s) previously passed pyflakes checks" type="pytest.skip">/home/ben/.virtualenvs/openapicore/lib/python3.6/site-packages/pytest_flakes.py:76: &lt;py._xmlgen.raw object at 0x7f4826305b00&gt;</skipped></testcase><testcase classname="" file="tests/integration/test_minimal.py" line="-1" name="tests.integration.test_minimal" time="0.007887125015258789"></testcase><testcase classname="tests.integration.test_minimal.TestMinimal" file="tests/integration/test_minimal.py" line="23" name="test_hosts[data/v3.0/minimal_with_servers.yaml-http://minimal.test/]" time="0.004195690155029297"></testcase><testcase classname="tests.integration.test_minimal.TestMinimal" file="tests/integration/test_minimal.py" line="23" name="test_hosts[data/v3.0/minimal_with_servers.yaml-https://bad.remote.domain.net/]" time="0.003923654556274414"></testcase><testcase classname="tests.integration.test_minimal.TestMinimal" file="tests/integration/test_minimal.py" line="23" name="test_hosts[data/v3.0/minimal_with_servers.yaml-http://localhost]" time="0.0038666725158691406"></testcase><testcase classname="tests.integration.test_minimal.TestMinimal" file="tests/integration/test_minimal.py" line="23" name="test_hosts[data/v3.0/minimal_with_servers.yaml-http://localhost:8080]" time="0.003751516342163086"></testcase><testcase classname="tests.integration.test_minimal.TestMinimal" file="tests/integration/test_minimal.py" line="23" name="test_hosts[data/v3.0/minimal_with_servers.yaml-https://u:p@a.b:1337]" time="0.004187345504760742"></testcase><testcase classname="tests.integration.test_minimal.TestMinimal" file="tests/integration/test_minimal.py" line="23" name="test_hosts[data/v3.0/minimal.yaml-http://minimal.test/]" time="0.003849506378173828"></testcase><testcase classname="tests.integration.test_minimal.TestMinimal" file="tests/integration/test_minimal.py" line="23" name="test_hosts[data/v3.0/minimal.yaml-https://bad.remote.domain.net/]" time="0.0036773681640625"></testcase><testcase classname="tests.integration.test_minimal.TestMinimal" file="tests/integration/test_minimal.py" line="23" name="test_hosts[data/v3.0/minimal.yaml-http://localhost]" time="0.003834962844848633"></testcase><testcase classname="tests.integration.test_minimal.TestMinimal" file="tests/integration/test_minimal.py" line="23" name="test_hosts[data/v3.0/minimal.yaml-http://localhost:8080]" time="0.0032682418823242188"></testcase><testcase classname="tests.integration.test_minimal.TestMinimal" file="tests/integration/test_minimal.py" line="23" name="test_hosts[data/v3.0/minimal.yaml-https://u:p@a.b:1337]" time="0.003317117691040039"></testcase><testcase classname="tests.integration.test_minimal.TestMinimal" file="tests/integration/test_minimal.py" line="35" name="test_invalid_operation[data/v3.0/minimal_with_servers.yaml-http://minimal.test/]" time="0.0038788318634033203"></testcase><testcase classname="tests.integration.test_minimal.TestMinimal" file="tests/integration/test_minimal.py" line="35" name="test_invalid_operation[data/v3.0/minimal_with_servers.yaml-https://bad.remote.domain.net/]" time="0.004101276397705078"></testcase><testcase classname="tests.integration.test_minimal.TestMinimal" file="tests/integration/test_minimal.py" line="35" name="test_invalid_operation[data/v3.0/minimal_with_servers.yaml-http://localhost]" time="0.0042378902435302734"></testcase><testcase classname="tests.integration.test_minimal.TestMinimal" file="tests/integration/test_minimal.py" line="35" name="test_invalid_operation[data/v3.0/minimal_with_servers.yaml-http://localhost:8080]" time="0.003913402557373047"></testcase><testcase classname="tests.integration.test_minimal.TestMinimal" file="tests/integration/test_minimal.py" line="35" name="test_invalid_operation[data/v3.0/minimal_with_servers.yaml-https://u:p@a.b:1337]" time="0.00506138801574707"></testcase><testcase classname="tests.integration.test_minimal.TestMinimal" file="tests/integration/test_minimal.py" line="35" name="test_invalid_operation[data/v3.0/minimal.yaml-http://minimal.test/]" time="0.003377199172973633"></testcase><testcase classname="tests.integration.test_minimal.TestMinimal" file="tests/integration/test_minimal.py" line="35" name="test_invalid_operation[data/v3.0/minimal.yaml-https://bad.remote.domain.net/]" time="0.0034780502319335938"></testcase><testcase classname="tests.integration.test_minimal.TestMinimal" file="tests/integration/test_minimal.py" line="35" name="test_invalid_operation[data/v3.0/minimal.yaml-http://localhost]" time="0.0033495426177978516"></testcase><testcase classname="tests.integration.test_minimal.TestMinimal" file="tests/integration/test_minimal.py" line="35" name="test_invalid_operation[data/v3.0/minimal.yaml-http://localhost:8080]" time="0.004311084747314453"></testcase><testcase classname="tests.integration.test_minimal.TestMinimal" file="tests/integration/test_minimal.py" line="35" name="test_invalid_operation[data/v3.0/minimal.yaml-https://u:p@a.b:1337]" time="0.003462553024291992"></testcase><testcase classname="" file="tests/integration/test_petstore.py" line="-1" name="tests.integration.test_petstore" time="0.00020766258239746094"><skipped message="file(s) previously passed pyflakes checks" type="pytest.skip">/home/ben/.virtualenvs/openapicore/lib/python3.6/site-packages/pytest_flakes.py:76: &lt;py._xmlgen.raw object at 0x7f48262c97b8&gt;</skipped></testcase><testcase classname="" file="tests/integration/test_petstore.py" line="-1" name="tests.integration.test_petstore" time="0.1435530185699463"></testcase><testcase classname="tests.integration.test_petstore.TestPetstore" file="tests/integration/test_petstore.py" line="47" name="test_spec" time="0.09088993072509766"></testcase><testcase classname="tests.integration.test_petstore.TestPetstore" file="tests/integration/test_petstore.py" line="192" name="test_get_pets" time="0.09180641174316406"></testcase><testcase classname="tests.integration.test_petstore.TestPetstore" file="tests/integration/test_petstore.py" line="228" name="test_get_pets_ids_param" time="0.0906364917755127"></testcase><testcase classname="tests.integration.test_petstore.TestPetstore" file="tests/integration/test_petstore.py" line="266" name="test_get_pets_tags_param" time="0.09114837646484375"></testcase><testcase classname="tests.integration.test_petstore.TestPetstore" file="tests/integration/test_petstore.py" line="304" name="test_get_pets_parameter_deserialization_error" time="0.08764886856079102"></testcase><testcase classname="tests.integration.test_petstore.TestPetstore" file="tests/integration/test_petstore.py" line="324" name="test_get_pets_wrong_parameter_type" time="0.08501696586608887"></testcase><testcase classname="tests.integration.test_petstore.TestPetstore" file="tests/integration/test_petstore.py" line="343" name="test_get_pets_raises_missing_required_param" time="0.08588314056396484"></testcase><testcase classname="tests.integration.test_petstore.TestPetstore" file="tests/integration/test_petstore.py" line="358" name="test_get_pets_empty_value" time="0.08463764190673828"></testcase><testcase classname="tests.integration.test_petstore.TestPetstore" file="tests/integration/test_petstore.py" line="376" name="test_get_pets_none_value" time="0.08473610877990723"></testcase><testcase classname="tests.integration.test_petstore.TestPetstore" file="tests/integration/test_petstore.py" line="402" name="test_post_birds" time="0.08798909187316895"></testcase><testcase classname="tests.integration.test_petstore.TestPetstore" file="tests/integration/test_petstore.py" line="462" name="test_post_cats" time="0.0891716480255127"></testcase><testcase classname="tests.integration.test_petstore.TestPetstore" file="tests/integration/test_petstore.py" line="522" name="test_post_cats_boolean_string" time="0.09241294860839844"></testcase><testcase classname="tests.integration.test_petstore.TestPetstore" file="tests/integration/test_petstore.py" line="582" name="test_post_no_one_of_schema" time="0.0921025276184082"></testcase><testcase classname="tests.integration.test_petstore.TestPetstore" file="tests/integration/test_petstore.py" line="619" name="test_post_cats_only_required_body" time="0.0900571346282959"></testcase><testcase classname="tests.integration.test_petstore.TestPetstore" file="tests/integration/test_petstore.py" line="664" name="test_post_pets_raises_invalid_mimetype" time="0.08997702598571777"></testcase><testcase classname="tests.integration.test_petstore.TestPetstore" file="tests/integration/test_petstore.py" line="699" name="test_post_pets_missing_cookie" time="0.1052863597869873"></testcase><testcase classname="tests.integration.test_petstore.TestPetstore" file="tests/integration/test_petstore.py" line="733" name="test_post_pets_missing_header" time="0.08670759201049805"></testcase><testcase classname="tests.integration.test_petstore.TestPetstore" file="tests/integration/test_petstore.py" line="767" name="test_post_pets_raises_invalid_server_error" time="0.08527636528015137"></testcase><testcase classname="tests.integration.test_petstore.TestPetstore" file="tests/integration/test_petstore.py" line="794" name="test_get_pet" time="0.08655977249145508"></testcase><testcase classname="tests.integration.test_petstore.TestPetstore" file="tests/integration/test_petstore.py" line="836" name="test_get_pet_not_found" time="0.08651185035705566"></testcase><testcase classname="tests.integration.test_petstore.TestPetstore" file="tests/integration/test_petstore.py" line="878" name="test_get_pet_wildcard" time="0.08623194694519043"></testcase><testcase classname="tests.integration.test_petstore.TestPetstore" file="tests/integration/test_petstore.py" line="909" name="test_get_tags" time="0.0866844654083252"></testcase><testcase classname="tests.integration.test_petstore.TestPetstore" file="tests/integration/test_petstore.py" line="933" name="test_post_tags_extra_body_properties" time="0.09134697914123535"></testcase><testcase classname="tests.integration.test_petstore.TestPetstore" file="tests/integration/test_petstore.py" line="956" name="test_post_tags_empty_body" time="0.09113192558288574"></testcase><testcase classname="tests.integration.test_petstore.TestPetstore" file="tests/integration/test_petstore.py" line="974" name="test_post_tags_wrong_property_type" time="0.09014201164245605"></testcase><testcase classname="tests.integration.test_petstore.TestPetstore" file="tests/integration/test_petstore.py" line="992" name="test_post_tags_additional_properties" time="0.09180021286010742"></testcase><testcase classname="tests.integration.test_petstore.TestPetstore" file="tests/integration/test_petstore.py" line="1036" name="test_post_tags_created_now" time="0.08790969848632812"></testcase><testcase classname="tests.integration.test_petstore.TestPetstore" file="tests/integration/test_petstore.py" line="1083" name="test_post_tags_created_datetime" time="0.08608579635620117"></testcase><testcase classname="tests.integration.test_petstore.TestPetstore" file="tests/integration/test_petstore.py" line="1130" name="test_post_tags_created_invalid_type" time="0.08514928817749023"><skipped message="expected test failure">OneOf for string not supported atm</skipped></testcase><testcase classname="" file="tests/integration/test_validators.py" line="-1" name="tests.integration.test_validators" time="0.00024247169494628906"><skipped message="file(s) previously passed pyflakes checks" type="pytest.skip">/home/ben/.virtualenvs/openapicore/lib/python3.6/site-packages/pytest_flakes.py:76: &lt;py._xmlgen.raw object at 0x7f4825f3be80&gt;</skipped></testcase><testcase classname="" file="tests/integration/test_validators.py" line="-1" name="tests.integration.test_validators" time="0.04588675498962402"></testcase><testcase classname="tests.integration.test_validators.TestRequestValidator" file="tests/integration/test_validators.py" line="36" name="test_request_server_error" time="0.08368444442749023"></testcase><testcase classname="tests.integration.test_validators.TestRequestValidator" file="tests/integration/test_validators.py" line="46" name="test_invalid_operation" time="0.0853879451751709"></testcase><testcase classname="tests.integration.test_validators.TestRequestValidator" file="tests/integration/test_validators.py" line="56" name="test_missing_parameter" time="0.08328509330749512"></testcase><testcase classname="tests.integration.test_validators.TestRequestValidator" file="tests/integration/test_validators.py" line="70" name="test_get_pets" time="0.10468244552612305"></testcase><testcase classname="tests.integration.test_validators.TestRequestValidator" file="tests/integration/test_validators.py" line="88" name="test_missing_body" time="0.0894002914428711"></testcase><testcase classname="tests.integration.test_validators.TestRequestValidator" file="tests/integration/test_validators.py" line="115" name="test_invalid_content_type" time="0.08955693244934082"></testcase><testcase classname="tests.integration.test_validators.TestRequestValidator" file="tests/integration/test_validators.py" line="142" name="test_post_pets" time="0.0901634693145752"></testcase><testcase classname="tests.integration.test_validators.TestRequestValidator" file="tests/integration/test_validators.py" line="195" name="test_get_pet" time="0.08977222442626953"></testcase><testcase classname="tests.integration.test_validators.TestResponseValidator" file="tests/integration/test_validators.py" line="228" name="test_invalid_server" time="0.08978533744812012"></testcase><testcase classname="tests.integration.test_validators.TestResponseValidator" file="tests/integration/test_validators.py" line="239" name="test_invalid_operation" time="0.09032320976257324"></testcase><testcase classname="tests.integration.test_validators.TestResponseValidator" file="tests/integration/test_validators.py" line="250" name="test_invalid_response" time="0.08965396881103516"></testcase><testcase classname="tests.integration.test_validators.TestResponseValidator" file="tests/integration/test_validators.py" line="261" name="test_invalid_content_type" time="0.09003138542175293"></testcase><testcase classname="tests.integration.test_validators.TestResponseValidator" file="tests/integration/test_validators.py" line="272" name="test_missing_body" time="0.0906975269317627"></testcase><testcase classname="tests.integration.test_validators.TestResponseValidator" file="tests/integration/test_validators.py" line="283" name="test_invalid_media_type_value" time="0.0899810791015625"></testcase><testcase classname="tests.integration.test_validators.TestResponseValidator" file="tests/integration/test_validators.py" line="294" name="test_invalid_value" time="0.09122419357299805"></testcase><testcase classname="tests.integration.test_validators.TestResponseValidator" file="tests/integration/test_validators.py" line="314" name="test_get_pets" time="0.08932900428771973"></testcase><testcase classname="" file="tests/integration/test_wrappers.py" line="-1" name="tests.integration.test_wrappers" time="0.0002868175506591797"><skipped message="file(s) previously passed pyflakes checks" type="pytest.skip">/home/ben/.virtualenvs/openapicore/lib/python3.6/site-packages/pytest_flakes.py:76: &lt;py._xmlgen.raw object at 0x7f4825d48d30&gt;</skipped></testcase><testcase classname="" file="tests/integration/test_wrappers.py" line="-1" name="tests.integration.test_wrappers" time="0.0225217342376709"></testcase><testcase classname="tests.integration.test_wrappers.TestFlaskOpenAPIRequest" file="tests/integration/test_wrappers.py" line="52" name="test_simple" time="0.005646467208862305"></testcase><testcase classname="tests.integration.test_wrappers.TestFlaskOpenAPIRequest" file="tests/integration/test_wrappers.py" line="74" name="test_multiple_values" time="0.001325368881225586"></testcase><testcase classname="tests.integration.test_wrappers.TestFlaskOpenAPIRequest" file="tests/integration/test_wrappers.py" line="99" name="test_url_rule" time="0.001035928726196289"></testcase><testcase classname="tests.integration.test_wrappers.TestFlaskOpenAPIResponse" file="tests/integration/test_wrappers.py" line="130" name="test_invalid_server" time="0.00042319297790527344"></testcase><testcase classname="" file="tests/unit/test_shortcuts.py" line="-1" name="tests.unit.test_shortcuts" time="0.00023126602172851562"><skipped message="file(s) previously passed pyflakes checks" type="pytest.skip">/home/ben/.virtualenvs/openapicore/lib/python3.6/site-packages/pytest_flakes.py:76: &lt;py._xmlgen.raw object at 0x7f4825d839e8&gt;</skipped></testcase><testcase classname="" file="tests/unit/test_shortcuts.py" line="-1" name="tests.unit.test_shortcuts" time="0.03235745429992676"></testcase><testcase classname="tests.unit.test_shortcuts.TestValidateParameters" file="tests/unit/test_shortcuts.py" line="44" name="test_no_wrapper" time="0.0014352798461914062"></testcase><testcase classname="tests.unit.test_shortcuts.TestValidateParameters" file="tests/unit/test_shortcuts.py" line="56" name="test_no_wrapper_error" time="0.0012009143829345703"></testcase><testcase classname="tests.unit.test_shortcuts.TestValidateParameters" file="tests/unit/test_shortcuts.py" line="67" name="test_wrapper" time="0.0008122920989990234"></testcase><testcase classname="tests.unit.test_shortcuts.TestValidateParameters" file="tests/unit/test_shortcuts.py" line="82" name="test_wrapper_error" time="0.0006794929504394531"></testcase><testcase classname="tests.unit.test_shortcuts.TestValidateBody" file="tests/unit/test_shortcuts.py" line="99" name="test_no_wrapper" time="0.0011644363403320312"></testcase><testcase classname="tests.unit.test_shortcuts.TestValidateBody" file="tests/unit/test_shortcuts.py" line="111" name="test_no_wrapper_error" time="0.0007655620574951172"></testcase><testcase classname="tests.unit.test_shortcuts.TestValidateBody" file="tests/unit/test_shortcuts.py" line="122" name="test_wrapper" time="0.0004942417144775391"></testcase><testcase classname="tests.unit.test_shortcuts.TestValidateBody" file="tests/unit/test_shortcuts.py" line="137" name="test_wrapper_error" time="0.0005974769592285156"></testcase><testcase classname="tests.unit.test_shortcuts.TestvalidateData" file="tests/unit/test_shortcuts.py" line="154" name="test_no_wrappers" time="0.0007107257843017578"></testcase><testcase classname="tests.unit.test_shortcuts.TestvalidateData" file="tests/unit/test_shortcuts.py" line="167" name="test_no_wrappers_error" time="0.0008389949798583984"></testcase><testcase classname="tests.unit.test_shortcuts.TestvalidateData" file="tests/unit/test_shortcuts.py" line="179" name="test_wrappers" time="0.000823974609375"></testcase><testcase classname="tests.unit.test_shortcuts.TestvalidateData" file="tests/unit/test_shortcuts.py" line="200" name="test_wrappers_error" time="0.0008587837219238281"></testcase><testcase classname="" file="tests/unit/extensions/test_models.py" line="-1" name="tests.unit.extensions.test_models" time="0.0003829002380371094"><skipped message="file(s) previously passed pyflakes checks" type="pytest.skip">/home/ben/.virtualenvs/openapicore/lib/python3.6/site-packages/pytest_flakes.py:76: &lt;py._xmlgen.raw object at 0x7f4825e6fba8&gt;</skipped></testcase><testcase classname="" file="tests/unit/extensions/test_models.py" line="-1" name="tests.unit.extensions.test_models" time="0.005589485168457031"></testcase><testcase classname="tests.unit.extensions.test_models.TestBaseModelDict" file="tests/unit/extensions/test_models.py" line="7" name="test_not_implemented" time="0.0003638267517089844"></testcase><testcase classname="tests.unit.extensions.test_models.TestModelDict" file="tests/unit/extensions/test_models.py" line="16" name="test_dict_empty" time="0.00029850006103515625"></testcase><testcase classname="tests.unit.extensions.test_models.TestModelDict" file="tests/unit/extensions/test_models.py" line="23" name="test_dict" time="0.0002911090850830078"></testcase><testcase classname="tests.unit.extensions.test_models.TestModelDict" file="tests/unit/extensions/test_models.py" line="34" name="test_attribute" time="0.0002925395965576172"></testcase><testcase classname="" file="tests/unit/schema/test_operations.py" line="-1" name="tests.unit.schema.test_operations" time="0.00020456314086914062"><skipped message="file(s) previously passed pyflakes checks" type="pytest.skip">/home/ben/.virtualenvs/openapicore/lib/python3.6/site-packages/pytest_flakes.py:76: &lt;py._xmlgen.raw object at 0x7f4825d6f588&gt;</skipped></testcase><testcase classname="" file="tests/unit/schema/test_operations.py" line="-1" name="tests.unit.schema.test_operations" time="0.00844430923461914"></testcase><testcase classname="tests.unit.schema.test_operations.TestSchemas" file="tests/unit/schema/test_operations.py" line="16" name="test_iteritems" time="0.0004589557647705078"></testcase><testcase classname="tests.unit.schema.test_operations.TestResponses" file="tests/unit/schema/test_operations.py" line="33" name="test_default" time="0.0004296302795410156"></testcase><testcase classname="tests.unit.schema.test_operations.TestResponses" file="tests/unit/schema/test_operations.py" line="38" name="test_range" time="0.00037217140197753906"></testcase><testcase classname="tests.unit.schema.test_operations.TestResponses" file="tests/unit/schema/test_operations.py" line="43" name="test_exact" time="0.0005247592926025391"></testcase><testcase classname="" file="tests/unit/schema/test_parameters.py" line="-1" name="tests.unit.schema.test_parameters" time="0.0001995563507080078"><skipped message="file(s) previously passed pyflakes checks" type="pytest.skip">/home/ben/.virtualenvs/openapicore/lib/python3.6/site-packages/pytest_flakes.py:76: &lt;py._xmlgen.raw object at 0x7f4825c7d438&gt;</skipped></testcase><testcase classname="" file="tests/unit/schema/test_parameters.py" line="-1" name="tests.unit.schema.test_parameters" time="0.011785268783569336"></testcase><testcase classname="tests.unit.schema.test_parameters.TestParameterInit" file="tests/unit/schema/test_parameters.py" line="9" name="test_path" time="0.0003371238708496094"></testcase><testcase classname="tests.unit.schema.test_parameters.TestParameterInit" file="tests/unit/schema/test_parameters.py" line="16" name="test_query" time="0.00030541419982910156"></testcase><testcase classname="tests.unit.schema.test_parameters.TestParameterInit" file="tests/unit/schema/test_parameters.py" line="23" name="test_header" time="0.00029087066650390625"></testcase><testcase classname="tests.unit.schema.test_parameters.TestParameterInit" file="tests/unit/schema/test_parameters.py" line="30" name="test_cookie" time="0.00029730796813964844"></testcase><testcase classname="tests.unit.schema.test_parameters.TestParameterUnmarshal" file="tests/unit/schema/test_parameters.py" line="40" name="test_deprecated" time="0.0004410743713378906"></testcase><testcase classname="tests.unit.schema.test_parameters.TestParameterUnmarshal" file="tests/unit/schema/test_parameters.py" line="49" name="test_query_valid" time="0.00034236907958984375"></testcase><testcase classname="tests.unit.schema.test_parameters.TestParameterUnmarshal" file="tests/unit/schema/test_parameters.py" line="57" name="test_query_empty" time="0.0004286766052246094"></testcase><testcase classname="tests.unit.schema.test_parameters.TestParameterUnmarshal" file="tests/unit/schema/test_parameters.py" line="64" name="test_query_allow_empty_value" time="0.0005090236663818359"></testcase><testcase classname="" file="tests/unit/schema/test_paths.py" line="-1" name="tests.unit.schema.test_paths" time="0.0002779960632324219"><skipped message="file(s) previously passed pyflakes checks" type="pytest.skip">/home/ben/.virtualenvs/openapicore/lib/python3.6/site-packages/pytest_flakes.py:76: &lt;py._xmlgen.raw object at 0x7f4825c93828&gt;</skipped></testcase><testcase classname="" file="tests/unit/schema/test_paths.py" line="-1" name="tests.unit.schema.test_paths" time="0.003926753997802734"></testcase><testcase classname="" file="tests/unit/schema/test_request_bodies.py" line="-1" name="tests.unit.schema.test_request_bodies" time="0.00020575523376464844"><skipped message="file(s) previously passed pyflakes checks" type="pytest.skip">/home/ben/.virtualenvs/openapicore/lib/python3.6/site-packages/pytest_flakes.py:76: &lt;py._xmlgen.raw object at 0x7f4825c90240&gt;</skipped></testcase><testcase classname="" file="tests/unit/schema/test_request_bodies.py" line="-1" name="tests.unit.schema.test_request_bodies" time="0.0034956932067871094"></testcase><testcase classname="" file="tests/unit/schema/test_schemas.py" line="-1" name="tests.unit.schema.test_schemas" time="0.00029540061950683594"><skipped message="file(s) previously passed pyflakes checks" type="pytest.skip">/home/ben/.virtualenvs/openapicore/lib/python3.6/site-packages/pytest_flakes.py:76: &lt;py._xmlgen.raw object at 0x7f4825c97668&gt;</skipped></testcase><testcase classname="" file="tests/unit/schema/test_schemas.py" line="-1" name="tests.unit.schema.test_schemas" time="0.11229920387268066"></testcase><testcase classname="tests.unit.schema.test_schemas.TestSchemaUnmarshal" file="tests/unit/schema/test_schemas.py" line="32" name="test_deprecated" time="0.00047087669372558594"></testcase><testcase classname="tests.unit.schema.test_schemas.TestSchemaUnmarshal" file="tests/unit/schema/test_schemas.py" line="41" name="test_string_valid" time="0.0003371238708496094"></testcase><testcase classname="tests.unit.schema.test_schemas.TestSchemaUnmarshal" file="tests/unit/schema/test_schemas.py" line="49" name="test_string_none" time="0.00035190582275390625"></testcase><testcase classname="tests.unit.schema.test_schemas.TestSchemaUnmarshal" file="tests/unit/schema/test_schemas.py" line="56" name="test_string_default" time="0.0005390644073486328"></testcase><testcase classname="tests.unit.schema.test_schemas.TestSchemaUnmarshal" file="tests/unit/schema/test_schemas.py" line="64" name="test_string_default_nullable" time="0.00032067298889160156"></testcase><testcase classname="tests.unit.schema.test_schemas.TestSchemaUnmarshal" file="tests/unit/schema/test_schemas.py" line="73" name="test_string_format_date" time="0.0030541419982910156"></testcase><testcase classname="tests.unit.schema.test_schemas.TestSchemaUnmarshal" file="tests/unit/schema/test_schemas.py" line="81" name="test_string_format_datetime" time="0.0004754066467285156"></testcase><testcase classname="tests.unit.schema.test_schemas.TestSchemaUnmarshal" file="tests/unit/schema/test_schemas.py" line="89" name="test_string_format_custom" time="0.00040793418884277344"><skipped message="expected test failure">No custom formats support atm</skipped></testcase><testcase classname="tests.unit.schema.test_schemas.TestSchemaUnmarshal" file="tests/unit/schema/test_schemas.py" line="103" name="test_string_format_unknown" time="0.0003790855407714844"></testcase><testcase classname="tests.unit.schema.test_schemas.TestSchemaUnmarshal" file="tests/unit/schema/test_schemas.py" line="111" name="test_string_format_invalid_value" time="0.00042557716369628906"><skipped message="expected test failure">No custom formats support atm</skipped></testcase><testcase classname="tests.unit.schema.test_schemas.TestSchemaUnmarshal" file="tests/unit/schema/test_schemas.py" line="125" name="test_integer_valid" time="0.0003693103790283203"></testcase><testcase classname="tests.unit.schema.test_schemas.TestSchemaUnmarshal" file="tests/unit/schema/test_schemas.py" line="133" name="test_integer_enum_invalid" time="0.0003948211669921875"></testcase><testcase classname="tests.unit.schema.test_schemas.TestSchemaUnmarshal" file="tests/unit/schema/test_schemas.py" line="140" name="test_integer_enum" time="0.0003173351287841797"></testcase><testcase classname="tests.unit.schema.test_schemas.TestSchemaUnmarshal" file="tests/unit/schema/test_schemas.py" line="148" name="test_integer_default" time="0.0004899501800537109"></testcase><testcase classname="tests.unit.schema.test_schemas.TestSchemaUnmarshal" file="tests/unit/schema/test_schemas.py" line="156" name="test_integer_default_nullable" time="0.0003941059112548828"></testcase><testcase classname="tests.unit.schema.test_schemas.TestSchemaUnmarshal" file="tests/unit/schema/test_schemas.py" line="165" name="test_integer_invalid" time="0.00046253204345703125"></testcase><testcase classname="tests.unit.schema.test_schemas.TestSchemaValidate" file="tests/unit/schema/test_schemas.py" line="175" name="test_null[boolean]" time="0.000484466552734375"></testcase><testcase classname="tests.unit.schema.test_schemas.TestSchemaValidate" file="tests/unit/schema/test_schemas.py" line="175" name="test_null[array]" time="0.0004131793975830078"></testcase><testcase classname="tests.unit.schema.test_schemas.TestSchemaValidate" file="tests/unit/schema/test_schemas.py" line="175" name="test_null[integer]" time="0.0004279613494873047"></testcase><testcase classname="tests.unit.schema.test_schemas.TestSchemaValidate" file="tests/unit/schema/test_schemas.py" line="175" name="test_null[number]" time="0.0004134178161621094"></testcase><testcase classname="tests.unit.schema.test_schemas.TestSchemaValidate" file="tests/unit/schema/test_schemas.py" line="175" name="test_null[string]" time="0.00041222572326660156"></testcase><testcase classname="tests.unit.schema.test_schemas.TestSchemaValidate" file="tests/unit/schema/test_schemas.py" line="185" name="test_nullable[boolean]" time="0.0003886222839355469"></testcase><testcase classname="tests.unit.schema.test_schemas.TestSchemaValidate" file="tests/unit/schema/test_schemas.py" line="185" name="test_nullable[array]" time="0.0003871917724609375"></testcase><testcase classname="tests.unit.schema.test_schemas.TestSchemaValidate" file="tests/unit/schema/test_schemas.py" line="185" name="test_nullable[integer]" time="0.00044655799865722656"></testcase><testcase classname="tests.unit.schema.test_schemas.TestSchemaValidate" file="tests/unit/schema/test_schemas.py" line="185" name="test_nullable[number]" time="0.0005548000335693359"></testcase><testcase classname="tests.unit.schema.test_schemas.TestSchemaValidate" file="tests/unit/schema/test_schemas.py" line="185" name="test_nullable[string]" time="0.0005576610565185547"></testcase><testcase classname="tests.unit.schema.test_schemas.TestSchemaValidate" file="tests/unit/schema/test_schemas.py" line="196" name="test_boolean[False]" time="0.0005552768707275391"></testcase><testcase classname="tests.unit.schema.test_schemas.TestSchemaValidate" file="tests/unit/schema/test_schemas.py" line="196" name="test_boolean[True]" time="0.0005431175231933594"></testcase><testcase classname="tests.unit.schema.test_schemas.TestSchemaValidate" file="tests/unit/schema/test_schemas.py" line="204" name="test_boolean_invalid[1]" time="0.000484466552734375"></testcase><testcase classname="tests.unit.schema.test_schemas.TestSchemaValidate" file="tests/unit/schema/test_schemas.py" line="204" name="test_boolean_invalid[3.14]" time="0.00042366981506347656"></testcase><testcase classname="tests.unit.schema.test_schemas.TestSchemaValidate" file="tests/unit/schema/test_schemas.py" line="204" name="test_boolean_invalid[true]" time="0.0004150867462158203"></testcase><testcase classname="tests.unit.schema.test_schemas.TestSchemaValidate" file="tests/unit/schema/test_schemas.py" line="204" name="test_boolean_invalid[value3]" time="0.00041747093200683594"></testcase><testcase classname="tests.unit.schema.test_schemas.TestSchemaValidate" file="tests/unit/schema/test_schemas.py" line="211" name="test_array_no_schema[value0]" time="0.0004265308380126953"></testcase><testcase classname="tests.unit.schema.test_schemas.TestSchemaValidate" file="tests/unit/schema/test_schemas.py" line="211" name="test_array_no_schema[value1]" time="0.0004227161407470703"></testcase><testcase classname="tests.unit.schema.test_schemas.TestSchemaValidate" file="tests/unit/schema/test_schemas.py" line="218" name="test_array[value0]" time="0.0004215240478515625"></testcase><testcase classname="tests.unit.schema.test_schemas.TestSchemaValidate" file="tests/unit/schema/test_schemas.py" line="218" name="test_array[value1]" time="0.00041747093200683594"></testcase><testcase classname="tests.unit.schema.test_schemas.TestSchemaValidate" file="tests/unit/schema/test_schemas.py" line="226" name="test_array_invalid[False]" time="0.00042247772216796875"></testcase><testcase classname="tests.unit.schema.test_schemas.TestSchemaValidate" file="tests/unit/schema/test_schemas.py" line="226" name="test_array_invalid[1]" time="0.00041294097900390625"></testcase><testcase classname="tests.unit.schema.test_schemas.TestSchemaValidate" file="tests/unit/schema/test_schemas.py" line="226" name="test_array_invalid[3.14]" time="0.00042057037353515625"></testcase><testcase classname="tests.unit.schema.test_schemas.TestSchemaValidate" file="tests/unit/schema/test_schemas.py" line="226" name="test_array_invalid[true]" time="0.0004177093505859375"></testcase><testcase classname="tests.unit.schema.test_schemas.TestSchemaValidate" file="tests/unit/schema/test_schemas.py" line="233" name="test_integer[1]" time="0.0005056858062744141"></testcase><testcase classname="tests.unit.schema.test_schemas.TestSchemaValidate" file="tests/unit/schema/test_schemas.py" line="233" name="test_integer[3]" time="0.00069427490234375"></testcase><testcase classname="tests.unit.schema.test_schemas.TestSchemaValidate" file="tests/unit/schema/test_schemas.py" line="241" name="test_integer_invalid[False]" time="0.0005688667297363281"></testcase><testcase classname="tests.unit.schema.test_schemas.TestSchemaValidate" file="tests/unit/schema/test_schemas.py" line="241" name="test_integer_invalid[3.14]" time="0.00044274330139160156"></testcase><testcase classname="tests.unit.schema.test_schemas.TestSchemaValidate" file="tests/unit/schema/test_schemas.py" line="241" name="test_integer_invalid[true]" time="0.00041794776916503906"></testcase><testcase classname="tests.unit.schema.test_schemas.TestSchemaValidate" file="tests/unit/schema/test_schemas.py" line="241" name="test_integer_invalid[value3]" time="0.00041556358337402344"></testcase><testcase classname="tests.unit.schema.test_schemas.TestSchemaValidate" file="tests/unit/schema/test_schemas.py" line="248" name="test_integer_minimum_invalid[0]" time="0.00043201446533203125"></testcase><testcase classname="tests.unit.schema.test_schemas.TestSchemaValidate" file="tests/unit/schema/test_schemas.py" line="248" name="test_integer_minimum_invalid[1]" time="0.00042557716369628906"></testcase><testcase classname="tests.unit.schema.test_schemas.TestSchemaValidate" file="tests/unit/schema/test_schemas.py" line="248" name="test_integer_minimum_invalid[2]" time="0.00042319297790527344"></testcase><testcase classname="tests.unit.schema.test_schemas.TestSchemaValidate" file="tests/unit/schema/test_schemas.py" line="255" name="test_integer_minimum[4]" time="0.0003998279571533203"></testcase><testcase classname="tests.unit.schema.test_schemas.TestSchemaValidate" file="tests/unit/schema/test_schemas.py" line="255" name="test_integer_minimum[5]" time="0.0003955364227294922"></testcase><testcase classname="tests.unit.schema.test_schemas.TestSchemaValidate" file="tests/unit/schema/test_schemas.py" line="255" name="test_integer_minimum[6]" time="0.00043773651123046875"></testcase><testcase classname="tests.unit.schema.test_schemas.TestSchemaValidate" file="tests/unit/schema/test_schemas.py" line="263" name="test_integer_maximum_invalid[4]" time="0.0005764961242675781"></testcase><testcase classname="tests.unit.schema.test_schemas.TestSchemaValidate" file="tests/unit/schema/test_schemas.py" line="263" name="test_integer_maximum_invalid[5]" time="0.0005271434783935547"></testcase><testcase classname="tests.unit.schema.test_schemas.TestSchemaValidate" file="tests/unit/schema/test_schemas.py" line="263" name="test_integer_maximum_invalid[6]" time="0.0006721019744873047"></testcase><testcase classname="tests.unit.schema.test_schemas.TestSchemaValidate" file="tests/unit/schema/test_schemas.py" line="270" name="test_integer_maximum[0]" time="0.0005650520324707031"></testcase><testcase classname="tests.unit.schema.test_schemas.TestSchemaValidate" file="tests/unit/schema/test_schemas.py" line="270" name="test_integer_maximum[1]" time="0.0005278587341308594"></testcase><testcase classname="tests.unit.schema.test_schemas.TestSchemaValidate" file="tests/unit/schema/test_schemas.py" line="270" name="test_integer_maximum[2]" time="0.0005385875701904297"></testcase><testcase classname="tests.unit.schema.test_schemas.TestSchemaValidate" file="tests/unit/schema/test_schemas.py" line="278" name="test_integer_multiple_of_invalid[1]" time="0.00045228004455566406"></testcase><testcase classname="tests.unit.schema.test_schemas.TestSchemaValidate" file="tests/unit/schema/test_schemas.py" line="278" name="test_integer_multiple_of_invalid[2]" time="0.0004394054412841797"></testcase><testcase classname="tests.unit.schema.test_schemas.TestSchemaValidate" file="tests/unit/schema/test_schemas.py" line="278" name="test_integer_multiple_of_invalid[4]" time="0.0004260540008544922"></testcase><testcase classname="tests.unit.schema.test_schemas.TestSchemaValidate" file="tests/unit/schema/test_schemas.py" line="285" name="test_integer_multiple_of[3]" time="0.00040149688720703125"></testcase><testcase classname="tests.unit.schema.test_schemas.TestSchemaValidate" file="tests/unit/schema/test_schemas.py" line="285" name="test_integer_multiple_of[6]" time="0.0003952980041503906"></testcase><testcase classname="tests.unit.schema.test_schemas.TestSchemaValidate" file="tests/unit/schema/test_schemas.py" line="285" name="test_integer_multiple_of[18]" time="0.00040411949157714844"></testcase><testcase classname="tests.unit.schema.test_schemas.TestSchemaValidate" file="tests/unit/schema/test_schemas.py" line="293" name="test_number[1]" time="0.0003979206085205078"></testcase><testcase classname="tests.unit.schema.test_schemas.TestSchemaValidate" file="tests/unit/schema/test_schemas.py" line="293" name="test_number[3.14]" time="0.00041294097900390625"></testcase><testcase classname="tests.unit.schema.test_schemas.TestSchemaValidate" file="tests/unit/schema/test_schemas.py" line="301" name="test_number_invalid[False]" time="0.0004227161407470703"></testcase><testcase classname="tests.unit.schema.test_schemas.TestSchemaValidate" file="tests/unit/schema/test_schemas.py" line="301" name="test_number_invalid[true]" time="0.0004215240478515625"></testcase><testcase classname="tests.unit.schema.test_schemas.TestSchemaValidate" file="tests/unit/schema/test_schemas.py" line="301" name="test_number_invalid[value2]" time="0.00041747093200683594"></testcase><testcase classname="tests.unit.schema.test_schemas.TestSchemaValidate" file="tests/unit/schema/test_schemas.py" line="308" name="test_number_minimum_invalid[0]" time="0.00043082237243652344"></testcase><testcase classname="tests.unit.schema.test_schemas.TestSchemaValidate" file="tests/unit/schema/test_schemas.py" line="308" name="test_number_minimum_invalid[1]" time="0.0004284381866455078"></testcase><testcase classname="tests.unit.schema.test_schemas.TestSchemaValidate" file="tests/unit/schema/test_schemas.py" line="308" name="test_number_minimum_invalid[2]" time="0.0004253387451171875"></testcase><testcase classname="tests.unit.schema.test_schemas.TestSchemaValidate" file="tests/unit/schema/test_schemas.py" line="315" name="test_number_minimum[3]" time="0.0003993511199951172"></testcase><testcase classname="tests.unit.schema.test_schemas.TestSchemaValidate" file="tests/unit/schema/test_schemas.py" line="315" name="test_number_minimum[4]" time="0.00039887428283691406"></testcase><testcase classname="tests.unit.schema.test_schemas.TestSchemaValidate" file="tests/unit/schema/test_schemas.py" line="315" name="test_number_minimum[5]" time="0.0005123615264892578"></testcase><testcase classname="tests.unit.schema.test_schemas.TestSchemaValidate" file="tests/unit/schema/test_schemas.py" line="323" name="test_number_exclusive_minimum_invalid[1]" time="0.0004291534423828125"></testcase><testcase classname="tests.unit.schema.test_schemas.TestSchemaValidate" file="tests/unit/schema/test_schemas.py" line="323" name="test_number_exclusive_minimum_invalid[2]" time="0.0004279613494873047"></testcase><testcase classname="tests.unit.schema.test_schemas.TestSchemaValidate" file="tests/unit/schema/test_schemas.py" line="323" name="test_number_exclusive_minimum_invalid[3]" time="0.0004260540008544922"></testcase><testcase classname="tests.unit.schema.test_schemas.TestSchemaValidate" file="tests/unit/schema/test_schemas.py" line="330" name="test_number_exclusive_minimum[4]" time="0.0005092620849609375"></testcase><testcase classname="tests.unit.schema.test_schemas.TestSchemaValidate" file="tests/unit/schema/test_schemas.py" line="330" name="test_number_exclusive_minimum[5]" time="0.0005340576171875"></testcase><testcase classname="tests.unit.schema.test_schemas.TestSchemaValidate" file="tests/unit/schema/test_schemas.py" line="330" name="test_number_exclusive_minimum[6]" time="0.0005102157592773438"></testcase><testcase classname="tests.unit.schema.test_schemas.TestSchemaValidate" file="tests/unit/schema/test_schemas.py" line="338" name="test_number_maximum_invalid[4]" time="0.0005228519439697266"></testcase><testcase classname="tests.unit.schema.test_schemas.TestSchemaValidate" file="tests/unit/schema/test_schemas.py" line="338" name="test_number_maximum_invalid[5]" time="0.00046253204345703125"></testcase><testcase classname="tests.unit.schema.test_schemas.TestSchemaValidate" file="tests/unit/schema/test_schemas.py" line="338" name="test_number_maximum_invalid[6]" time="0.00048041343688964844"></testcase><testcase classname="tests.unit.schema.test_schemas.TestSchemaValidate" file="tests/unit/schema/test_schemas.py" line="345" name="test_number_maximum[1]" time="0.0004937648773193359"></testcase><testcase classname="tests.unit.schema.test_schemas.TestSchemaValidate" file="tests/unit/schema/test_schemas.py" line="345" name="test_number_maximum[2]" time="0.000579833984375"></testcase><testcase classname="tests.unit.schema.test_schemas.TestSchemaValidate" file="tests/unit/schema/test_schemas.py" line="345" name="test_number_maximum[3]" time="0.00043964385986328125"></testcase><testcase classname="tests.unit.schema.test_schemas.TestSchemaValidate" file="tests/unit/schema/test_schemas.py" line="353" name="test_number_exclusive_maximum_invalid[3]" time="0.0004513263702392578"></testcase><testcase classname="tests.unit.schema.test_schemas.TestSchemaValidate" file="tests/unit/schema/test_schemas.py" line="353" name="test_number_exclusive_maximum_invalid[4]" time="0.0004260540008544922"></testcase><testcase classname="tests.unit.schema.test_schemas.TestSchemaValidate" file="tests/unit/schema/test_schemas.py" line="353" name="test_number_exclusive_maximum_invalid[5]" time="0.0004267692565917969"></testcase><testcase classname="tests.unit.schema.test_schemas.TestSchemaValidate" file="tests/unit/schema/test_schemas.py" line="360" name="test_number_exclusive_maximum[0]" time="0.0004012584686279297"></testcase><testcase classname="tests.unit.schema.test_schemas.TestSchemaValidate" file="tests/unit/schema/test_schemas.py" line="360" name="test_number_exclusive_maximum[1]" time="0.000396728515625"></testcase><testcase classname="tests.unit.schema.test_schemas.TestSchemaValidate" file="tests/unit/schema/test_schemas.py" line="360" name="test_number_exclusive_maximum[2]" time="0.00039696693420410156"></testcase><testcase classname="tests.unit.schema.test_schemas.TestSchemaValidate" file="tests/unit/schema/test_schemas.py" line="368" name="test_number_multiple_of_invalid[1]" time="0.0004642009735107422"></testcase><testcase classname="tests.unit.schema.test_schemas.TestSchemaValidate" file="tests/unit/schema/test_schemas.py" line="368" name="test_number_multiple_of_invalid[2]" time="0.00043392181396484375"></testcase><testcase classname="tests.unit.schema.test_schemas.TestSchemaValidate" file="tests/unit/schema/test_schemas.py" line="368" name="test_number_multiple_of_invalid[4]" time="0.0004324913024902344"></testcase><testcase classname="tests.unit.schema.test_schemas.TestSchemaValidate" file="tests/unit/schema/test_schemas.py" line="375" name="test_number_multiple_of[3]" time="0.00040340423583984375"></testcase><testcase classname="tests.unit.schema.test_schemas.TestSchemaValidate" file="tests/unit/schema/test_schemas.py" line="375" name="test_number_multiple_of[6]" time="0.00045037269592285156"></testcase><testcase classname="tests.unit.schema.test_schemas.TestSchemaValidate" file="tests/unit/schema/test_schemas.py" line="375" name="test_number_multiple_of[18]" time="0.0004029273986816406"></testcase><testcase classname="tests.unit.schema.test_schemas.TestSchemaValidate" file="tests/unit/schema/test_schemas.py" line="383" name="test_string[true]" time="0.00040650367736816406"></testcase><testcase classname="tests.unit.schema.test_schemas.TestSchemaValidate" file="tests/unit/schema/test_schemas.py" line="391" name="test_string_invalid[test]" time="0.0004305839538574219"></testcase><testcase classname="tests.unit.schema.test_schemas.TestSchemaValidate" file="tests/unit/schema/test_schemas.py" line="391" name="test_string_invalid[False]" time="0.00041747093200683594"></testcase><testcase classname="tests.unit.schema.test_schemas.TestSchemaValidate" file="tests/unit/schema/test_schemas.py" line="391" name="test_string_invalid[1]" time="0.0004169940948486328"></testcase><testcase classname="tests.unit.schema.test_schemas.TestSchemaValidate" file="tests/unit/schema/test_schemas.py" line="391" name="test_string_invalid[3.14]" time="0.0004146099090576172"></testcase><testcase classname="tests.unit.schema.test_schemas.TestSchemaValidate" file="tests/unit/schema/test_schemas.py" line="391" name="test_string_invalid[value4]" time="0.0004317760467529297"></testcase><testcase classname="tests.unit.schema.test_schemas.TestSchemaValidate" file="tests/unit/schema/test_schemas.py" line="398" name="test_string_format_date_invalid[true]" time="0.0005955696105957031"></testcase><testcase classname="tests.unit.schema.test_schemas.TestSchemaValidate" file="tests/unit/schema/test_schemas.py" line="398" name="test_string_format_date_invalid[test]" time="0.0006411075592041016"></testcase><testcase classname="tests.unit.schema.test_schemas.TestSchemaValidate" file="tests/unit/schema/test_schemas.py" line="398" name="test_string_format_date_invalid[False]" time="0.0005390644073486328"></testcase><testcase classname="tests.unit.schema.test_schemas.TestSchemaValidate" file="tests/unit/schema/test_schemas.py" line="398" name="test_string_format_date_invalid[1]" time="0.0004990100860595703"></testcase><testcase classname="tests.unit.schema.test_schemas.TestSchemaValidate" file="tests/unit/schema/test_schemas.py" line="398" name="test_string_format_date_invalid[3.14]" time="0.0004391670227050781"></testcase><testcase classname="tests.unit.schema.test_schemas.TestSchemaValidate" file="tests/unit/schema/test_schemas.py" line="398" name="test_string_format_date_invalid[value5]" time="0.0004570484161376953"></testcase><testcase classname="tests.unit.schema.test_schemas.TestSchemaValidate" file="tests/unit/schema/test_schemas.py" line="398" name="test_string_format_date_invalid[value6]" time="0.00051116943359375"></testcase><testcase classname="tests.unit.schema.test_schemas.TestSchemaValidate" file="tests/unit/schema/test_schemas.py" line="408" name="test_string_format_date[value0]" time="0.0004749298095703125"></testcase><testcase classname="tests.unit.schema.test_schemas.TestSchemaValidate" file="tests/unit/schema/test_schemas.py" line="408" name="test_string_format_date[value1]" time="0.0005297660827636719"></testcase><testcase classname="tests.unit.schema.test_schemas.TestSchemaValidate" file="tests/unit/schema/test_schemas.py" line="418" name="test_string_format_datetime_invalid[true0]" time="0.0005495548248291016"></testcase><testcase classname="tests.unit.schema.test_schemas.TestSchemaValidate" file="tests/unit/schema/test_schemas.py" line="418" name="test_string_format_datetime_invalid[true1]" time="0.0004372596740722656"></testcase><testcase classname="tests.unit.schema.test_schemas.TestSchemaValidate" file="tests/unit/schema/test_schemas.py" line="418" name="test_string_format_datetime_invalid[False]" time="0.0004184246063232422"></testcase><testcase classname="tests.unit.schema.test_schemas.TestSchemaValidate" file="tests/unit/schema/test_schemas.py" line="418" name="test_string_format_datetime_invalid[1]" time="0.0004177093505859375"></testcase><testcase classname="tests.unit.schema.test_schemas.TestSchemaValidate" file="tests/unit/schema/test_schemas.py" line="418" name="test_string_format_datetime_invalid[3.14]" time="0.00043511390686035156"></testcase><testcase classname="tests.unit.schema.test_schemas.TestSchemaValidate" file="tests/unit/schema/test_schemas.py" line="418" name="test_string_format_datetime_invalid[value5]" time="0.0004169940948486328"></testcase><testcase classname="tests.unit.schema.test_schemas.TestSchemaValidate" file="tests/unit/schema/test_schemas.py" line="418" name="test_string_format_datetime_invalid[value6]" time="0.00042629241943359375"></testcase><testcase classname="tests.unit.schema.test_schemas.TestSchemaValidate" file="tests/unit/schema/test_schemas.py" line="428" name="test_string_format_datetime[value0]" time="0.00040650367736816406"></testcase><testcase classname="tests.unit.schema.test_schemas.TestSchemaValidate" file="tests/unit/schema/test_schemas.py" line="428" name="test_string_format_datetime[value1]" time="0.0004203319549560547"></testcase><testcase classname="tests.unit.schema.test_schemas.TestSchemaValidate" file="tests/unit/schema/test_schemas.py" line="439" name="test_string_format_binary_invalid[true]" time="0.00048661231994628906"></testcase><testcase classname="tests.unit.schema.test_schemas.TestSchemaValidate" file="tests/unit/schema/test_schemas.py" line="439" name="test_string_format_binary_invalid[False]" time="0.0004208087921142578"></testcase><testcase classname="tests.unit.schema.test_schemas.TestSchemaValidate" file="tests/unit/schema/test_schemas.py" line="439" name="test_string_format_binary_invalid[1]" time="0.00041747093200683594"></testcase><testcase classname="tests.unit.schema.test_schemas.TestSchemaValidate" file="tests/unit/schema/test_schemas.py" line="439" name="test_string_format_binary_invalid[3.14]" time="0.0004172325134277344"></testcase><testcase classname="tests.unit.schema.test_schemas.TestSchemaValidate" file="tests/unit/schema/test_schemas.py" line="439" name="test_string_format_binary_invalid[value4]" time="0.000415802001953125"></testcase><testcase classname="tests.unit.schema.test_schemas.TestSchemaValidate" file="tests/unit/schema/test_schemas.py" line="439" name="test_string_format_binary_invalid[value5]" time="0.0004248619079589844"></testcase><testcase classname="tests.unit.schema.test_schemas.TestSchemaValidate" file="tests/unit/schema/test_schemas.py" line="439" name="test_string_format_binary_invalid[value6]" time="0.0004253387451171875"></testcase><testcase classname="tests.unit.schema.test_schemas.TestSchemaValidate" file="tests/unit/schema/test_schemas.py" line="449" name="test_string_format_binary[stream]" time="0.000400543212890625"></testcase><testcase classname="tests.unit.schema.test_schemas.TestSchemaValidate" file="tests/unit/schema/test_schemas.py" line="449" name="test_string_format_binary[text]" time="0.0005443096160888672"></testcase><testcase classname="tests.unit.schema.test_schemas.TestSchemaValidate" file="tests/unit/schema/test_schemas.py" line="459" name="test_string_format_unknown[test]" time="0.000514984130859375"></testcase><testcase classname="tests.unit.schema.test_schemas.TestSchemaValidate" file="tests/unit/schema/test_schemas.py" line="459" name="test_string_format_unknown[stream]" time="0.0005650520324707031"></testcase><testcase classname="tests.unit.schema.test_schemas.TestSchemaValidate" file="tests/unit/schema/test_schemas.py" line="459" name="test_string_format_unknown[value2]" time="0.0004572868347167969"></testcase><testcase classname="tests.unit.schema.test_schemas.TestSchemaValidate" file="tests/unit/schema/test_schemas.py" line="459" name="test_string_format_unknown[value3]" time="0.0004401206970214844"></testcase><testcase classname="tests.unit.schema.test_schemas.TestSchemaValidate" file="tests/unit/schema/test_schemas.py" line="470" name="test_string_min_length_invalid_schema[]" time="0.0004792213439941406"></testcase><testcase classname="tests.unit.schema.test_schemas.TestSchemaValidate" file="tests/unit/schema/test_schemas.py" line="477" name="test_string_min_length_invalid[]" time="0.0004425048828125"></testcase><testcase classname="tests.unit.schema.test_schemas.TestSchemaValidate" file="tests/unit/schema/test_schemas.py" line="477" name="test_string_min_length_invalid[a]" time="0.0004570484161376953"></testcase><testcase classname="tests.unit.schema.test_schemas.TestSchemaValidate" file="tests/unit/schema/test_schemas.py" line="477" name="test_string_min_length_invalid[ab]" time="0.0005600452423095703"></testcase><testcase classname="tests.unit.schema.test_schemas.TestSchemaValidate" file="tests/unit/schema/test_schemas.py" line="484" name="test_string_min_length[abc]" time="0.0005419254302978516"></testcase><testcase classname="tests.unit.schema.test_schemas.TestSchemaValidate" file="tests/unit/schema/test_schemas.py" line="484" name="test_string_min_length[abcd]" time="0.0005080699920654297"></testcase><testcase classname="tests.unit.schema.test_schemas.TestSchemaValidate" file="tests/unit/schema/test_schemas.py" line="492" name="test_string_max_length_invalid_schema[]" time="0.0006458759307861328"></testcase><testcase classname="tests.unit.schema.test_schemas.TestSchemaValidate" file="tests/unit/schema/test_schemas.py" line="499" name="test_string_max_length_invalid[ab]" time="0.0004570484161376953"></testcase><testcase classname="tests.unit.schema.test_schemas.TestSchemaValidate" file="tests/unit/schema/test_schemas.py" line="499" name="test_string_max_length_invalid[abc]" time="0.0004508495330810547"></testcase><testcase classname="tests.unit.schema.test_schemas.TestSchemaValidate" file="tests/unit/schema/test_schemas.py" line="506" name="test_string_max_length[]" time="0.00040841102600097656"></testcase><testcase classname="tests.unit.schema.test_schemas.TestSchemaValidate" file="tests/unit/schema/test_schemas.py" line="506" name="test_string_max_length[a]" time="0.0004067420959472656"></testcase><testcase classname="tests.unit.schema.test_schemas.TestSchemaValidate" file="tests/unit/schema/test_schemas.py" line="514" name="test_string_pattern_invalid[foo]" time="0.0005059242248535156"></testcase><testcase classname="tests.unit.schema.test_schemas.TestSchemaValidate" file="tests/unit/schema/test_schemas.py" line="514" name="test_string_pattern_invalid[bar]" time="0.00043392181396484375"></testcase><testcase classname="tests.unit.schema.test_schemas.TestSchemaValidate" file="tests/unit/schema/test_schemas.py" line="521" name="test_string_pattern[bar]" time="0.0004780292510986328"></testcase><testcase classname="tests.unit.schema.test_schemas.TestSchemaValidate" file="tests/unit/schema/test_schemas.py" line="521" name="test_string_pattern[foobar]" time="0.00044846534729003906"></testcase><testcase classname="tests.unit.schema.test_schemas.TestSchemaValidate" file="tests/unit/schema/test_schemas.py" line="529" name="test_object_not_an_object[true]" time="0.0004401206970214844"></testcase><testcase classname="tests.unit.schema.test_schemas.TestSchemaValidate" file="tests/unit/schema/test_schemas.py" line="529" name="test_object_not_an_object[False]" time="0.0004227161407470703"></testcase><testcase classname="tests.unit.schema.test_schemas.TestSchemaValidate" file="tests/unit/schema/test_schemas.py" line="529" name="test_object_not_an_object[1]" time="0.0004177093505859375"></testcase><testcase classname="tests.unit.schema.test_schemas.TestSchemaValidate" file="tests/unit/schema/test_schemas.py" line="529" name="test_object_not_an_object[3.14]" time="0.0004527568817138672"></testcase><testcase classname="tests.unit.schema.test_schemas.TestSchemaValidate" file="tests/unit/schema/test_schemas.py" line="529" name="test_object_not_an_object[value4]" time="0.0004181861877441406"></testcase><testcase classname="tests.unit.schema.test_schemas.TestSchemaValidate" file="tests/unit/schema/test_schemas.py" line="536" name="test_object_multiple_one_of[value0]" time="0.0004813671112060547"></testcase><testcase classname="tests.unit.schema.test_schemas.TestSchemaValidate" file="tests/unit/schema/test_schemas.py" line="546" name="test_object_defferent_type_one_of[value0]" time="0.0006327629089355469"></testcase><testcase classname="tests.unit.schema.test_schemas.TestSchemaValidate" file="tests/unit/schema/test_schemas.py" line="556" name="test_object_no_one_of[value0]" time="0.00057220458984375"></testcase><testcase classname="tests.unit.schema.test_schemas.TestSchemaValidate" file="tests/unit/schema/test_schemas.py" line="575" name="test_object_default_property[value0]" time="0.0005693435668945312"></testcase><testcase classname="tests.unit.schema.test_schemas.TestSchemaValidate" file="tests/unit/schema/test_schemas.py" line="583" name="test_object_min_properties_invalid_schema[value0]" time="0.00046539306640625"></testcase><testcase classname="tests.unit.schema.test_schemas.TestSchemaValidate" file="tests/unit/schema/test_schemas.py" line="590" name="test_object_min_properties_invalid[value0]" time="0.00047397613525390625"></testcase><testcase classname="tests.unit.schema.test_schemas.TestSchemaValidate" file="tests/unit/schema/test_schemas.py" line="590" name="test_object_min_properties_invalid[value1]" time="0.00047087669372558594"></testcase><testcase classname="tests.unit.schema.test_schemas.TestSchemaValidate" file="tests/unit/schema/test_schemas.py" line="590" name="test_object_min_properties_invalid[value2]" time="0.0004749298095703125"></testcase><testcase classname="tests.unit.schema.test_schemas.TestSchemaValidate" file="tests/unit/schema/test_schemas.py" line="605" name="test_object_min_properties[value0]" time="0.0005688667297363281"></testcase><testcase classname="tests.unit.schema.test_schemas.TestSchemaValidate" file="tests/unit/schema/test_schemas.py" line="605" name="test_object_min_properties[value1]" time="0.0004799365997314453"></testcase><testcase classname="tests.unit.schema.test_schemas.TestSchemaValidate" file="tests/unit/schema/test_schemas.py" line="605" name="test_object_min_properties[value2]" time="0.0004858970642089844"></testcase><testcase classname="tests.unit.schema.test_schemas.TestSchemaValidate" file="tests/unit/schema/test_schemas.py" line="621" name="test_object_max_properties_invalid_schema[value0]" time="0.0004825592041015625"></testcase><testcase classname="tests.unit.schema.test_schemas.TestSchemaValidate" file="tests/unit/schema/test_schemas.py" line="628" name="test_object_max_properties_invalid[value0]" time="0.0005640983581542969"></testcase><testcase classname="tests.unit.schema.test_schemas.TestSchemaValidate" file="tests/unit/schema/test_schemas.py" line="628" name="test_object_max_properties_invalid[value1]" time="0.0006530284881591797"></testcase><testcase classname="tests.unit.schema.test_schemas.TestSchemaValidate" file="tests/unit/schema/test_schemas.py" line="628" name="test_object_max_properties_invalid[value2]" time="0.0006711483001708984"></testcase><testcase classname="tests.unit.schema.test_schemas.TestSchemaValidate" file="tests/unit/schema/test_schemas.py" line="643" name="test_object_max_properties[value0]" time="0.0004737377166748047"></testcase><testcase classname="tests.unit.schema.test_schemas.TestSchemaValidate" file="tests/unit/schema/test_schemas.py" line="643" name="test_object_max_properties[value1]" time="0.0004436969757080078"></testcase><testcase classname="tests.unit.schema.test_schemas.TestSchemaValidate" file="tests/unit/schema/test_schemas.py" line="643" name="test_object_max_properties[value2]" time="0.00044655799865722656"></testcase><testcase classname="tests.unit.schema.test_schemas.TestSchemaValidate" file="tests/unit/schema/test_schemas.py" line="659" name="test_list_min_items_invalid_schema[value0]" time="0.00043845176696777344"></testcase><testcase classname="tests.unit.schema.test_schemas.TestSchemaValidate" file="tests/unit/schema/test_schemas.py" line="670" name="test_list_min_items_invalid[value0]" time="0.0004372596740722656"></testcase><testcase classname="tests.unit.schema.test_schemas.TestSchemaValidate" file="tests/unit/schema/test_schemas.py" line="670" name="test_list_min_items_invalid[value1]" time="0.000431060791015625"></testcase><testcase classname="tests.unit.schema.test_schemas.TestSchemaValidate" file="tests/unit/schema/test_schemas.py" line="670" name="test_list_min_items_invalid[value2]" time="0.0004324913024902344"></testcase><testcase classname="tests.unit.schema.test_schemas.TestSchemaValidate" file="tests/unit/schema/test_schemas.py" line="681" name="test_list_min_items[value0]" time="0.00042366981506347656"></testcase><testcase classname="tests.unit.schema.test_schemas.TestSchemaValidate" file="tests/unit/schema/test_schemas.py" line="681" name="test_list_min_items[value1]" time="0.0004191398620605469"></testcase><testcase classname="tests.unit.schema.test_schemas.TestSchemaValidate" file="tests/unit/schema/test_schemas.py" line="681" name="test_list_min_items[value2]" time="0.0004220008850097656"></testcase><testcase classname="tests.unit.schema.test_schemas.TestSchemaValidate" file="tests/unit/schema/test_schemas.py" line="693" name="test_list_max_items_invalid_schema[value0]" time="0.00043392181396484375"></testcase><testcase classname="tests.unit.schema.test_schemas.TestSchemaValidate" file="tests/unit/schema/test_schemas.py" line="704" name="test_list_max_items_invalid[value0]" time="0.0005896091461181641"></testcase><testcase classname="tests.unit.schema.test_schemas.TestSchemaValidate" file="tests/unit/schema/test_schemas.py" line="704" name="test_list_max_items_invalid[value1]" time="0.0005285739898681641"></testcase><testcase classname="tests.unit.schema.test_schemas.TestSchemaValidate" file="tests/unit/schema/test_schemas.py" line="715" name="test_list_unique_items_invalid[value0]" time="0.0005178451538085938"></testcase><testcase classname="tests.unit.schema.test_schemas.TestSchemaValidate" file="tests/unit/schema/test_schemas.py" line="715" name="test_list_unique_items_invalid[value1]" time="0.0005092620849609375"></testcase><testcase classname="" file="tests/unit/schema/test_schemas_registry.py" line="-1" name="tests.unit.schema.test_schemas_registry" time="0.00020194053649902344"><skipped message="file(s) previously passed pyflakes checks" type="pytest.skip">/home/ben/.virtualenvs/openapicore/lib/python3.6/site-packages/pytest_flakes.py:76: &lt;py._xmlgen.raw object at 0x7f4825b5ca90&gt;</skipped></testcase><testcase classname="" file="tests/unit/schema/test_schemas_registry.py" line="-1" name="tests.unit.schema.test_schemas_registry" time="0.006369113922119141"></testcase><testcase classname="tests.unit.schema.test_schemas_registry.TestSchemaRegistryGetOrCreate" file="tests/unit/schema/test_schemas_registry.py" line="44" name="test_recursion" time="0.0011205673217773438"></testcase><testcase classname="" file="tests/unit/schema/test_specs.py" line="-1" name="tests.unit.schema.test_specs" time="0.0002338886260986328"><skipped message="file(s) previously passed pyflakes checks" type="pytest.skip">/home/ben/.virtualenvs/openapicore/lib/python3.6/site-packages/pytest_flakes.py:76: &lt;py._xmlgen.raw object at 0x7f4825d0fb70&gt;</skipped></testcase><testcase classname="" file="tests/unit/schema/test_specs.py" line="-1" name="tests.unit.schema.test_specs" time="0.008016586303710938"></testcase><testcase classname="tests.unit.schema.test_specs.TestSpecs" file="tests/unit/schema/test_specs.py" line="33" name="test_iteritems" time="0.0005900859832763672"></testcase><testcase classname="tests.unit.schema.test_specs.TestSpecs" file="tests/unit/schema/test_specs.py" line="38" name="test_valid" time="0.0005197525024414062"></testcase><testcase classname="tests.unit.schema.test_specs.TestSpecs" file="tests/unit/schema/test_specs.py" line="43" name="test_invalid_path" time="0.0005564689636230469"></testcase><testcase classname="tests.unit.schema.test_specs.TestSpecs" file="tests/unit/schema/test_specs.py" line="47" name="test_invalid_method" time="0.0005550384521484375"></testcase><testcase classname="" file="tests/unit/validation/test_util.py" line="-1" name="tests.unit.validation.test_util" time="0.0002872943878173828"><skipped message="file(s) previously passed pyflakes checks" type="pytest.skip">/home/ben/.virtualenvs/openapicore/lib/python3.6/site-packages/pytest_flakes.py:76: &lt;py._xmlgen.raw object at 0x7f4825b61cf8&gt;</skipped></testcase><testcase classname="" file="tests/unit/validation/test_util.py" line="-1" name="tests.unit.validation.test_util" time="0.0031151771545410156"></testcase><testcase classname="tests.unit.validation.test_util.TestPathQs" file="tests/unit/validation/test_util.py" line="5" name="test_path" time="0.00035119056701660156"></testcase><testcase classname="tests.unit.validation.test_util.TestPathQs" file="tests/unit/validation/test_util.py" line="12" name="test_query" time="0.0019652843475341797"></testcase></testsuite>